Analysis & Synthesis report for DE1_SoC
Thu May 27 13:56:39 2021
Quartus Prime Version 17.0.0 Build 595 04/25/2017 SJ Lite Edition


---------------------
; Table of Contents ;
---------------------
  1. Legal Notice
  2. Analysis & Synthesis Summary
  3. Analysis & Synthesis Settings
  4. Parallel Compilation
  5. Analysis & Synthesis Source Files Read
  6. Analysis & Synthesis Resource Usage Summary
  7. Analysis & Synthesis Resource Utilization by Entity
  8. Registers Removed During Synthesis
  9. General Register Statistics
 10. Multiplexer Restructuring Statistics (Restructuring Performed)
 11. Parameter Settings for User Entity Instance: Top-level Entity: |wave_drawer
 12. Parameter Settings for User Entity Instance: fir:signal_fir
 13. Parameter Settings for User Entity Instance: wave_drawer_datapath:datapath
 14. Post-Synthesis Netlist Statistics for Top Partition
 15. Elapsed Time Per Partition
 16. Analysis & Synthesis Messages
 17. Analysis & Synthesis Suppressed Messages



----------------
; Legal Notice ;
----------------
Copyright (C) 2017  Intel Corporation. All rights reserved.
Your use of Intel Corporation's design tools, logic functions 
and other software and tools, and its AMPP partner logic 
functions, and any output files from any of the foregoing 
(including device programming or simulation files), and any 
associated documentation or information are expressly subject 
to the terms and conditions of the Intel Program License 
Subscription Agreement, the Intel Quartus Prime License Agreement,
the Intel MegaCore Function License Agreement, or other 
applicable license agreement, including, without limitation, 
that your use is for the sole purpose of programming logic 
devices manufactured by Intel and sold by Intel or its 
authorized distributors.  Please refer to the applicable 
agreement for further details.



+-------------------------------------------------------------------------------+
; Analysis & Synthesis Summary                                                  ;
+---------------------------------+---------------------------------------------+
; Analysis & Synthesis Status     ; Successful - Thu May 27 13:56:38 2021       ;
; Quartus Prime Version           ; 17.0.0 Build 595 04/25/2017 SJ Lite Edition ;
; Revision Name                   ; DE1_SoC                                     ;
; Top-level Entity Name           ; wave_drawer                                 ;
; Family                          ; Cyclone V                                   ;
; Logic utilization (in ALMs)     ; N/A                                         ;
; Total registers                 ; 4728                                        ;
; Total pins                      ; 48                                          ;
; Total virtual pins              ; 0                                           ;
; Total block memory bits         ; 0                                           ;
; Total DSP Blocks                ; 0                                           ;
; Total HSSI RX PCSs              ; 0                                           ;
; Total HSSI PMA RX Deserializers ; 0                                           ;
; Total HSSI TX PCSs              ; 0                                           ;
; Total HSSI PMA TX Serializers   ; 0                                           ;
; Total PLLs                      ; 0                                           ;
; Total DLLs                      ; 0                                           ;
+---------------------------------+---------------------------------------------+


+---------------------------------------------------------------------------------------------------------------------------+
; Analysis & Synthesis Settings                                                                                             ;
+---------------------------------------------------------------------------------+--------------------+--------------------+
; Option                                                                          ; Setting            ; Default Value      ;
+---------------------------------------------------------------------------------+--------------------+--------------------+
; Device                                                                          ; 5CSEMA5F31C6       ;                    ;
; Top-level entity name                                                           ; wave_drawer        ; DE1_SoC            ;
; Family name                                                                     ; Cyclone V          ; Cyclone V          ;
; State Machine Processing                                                        ; User-Encoded       ; Auto               ;
; Use smart compilation                                                           ; Off                ; Off                ;
; Enable parallel Assembler and TimeQuest Timing Analyzer during compilation      ; On                 ; On                 ;
; Enable compact report table                                                     ; Off                ; Off                ;
; Restructure Multiplexers                                                        ; Auto               ; Auto               ;
; MLAB Add Timing Constraints For Mixed-Port Feed-Through Mode Setting Don't Care ; Off                ; Off                ;
; Create Debugging Nodes for IP Cores                                             ; Off                ; Off                ;
; Preserve fewer node names                                                       ; On                 ; On                 ;
; OpenCore Plus hardware evaluation                                               ; Enable             ; Enable             ;
; Verilog Version                                                                 ; Verilog_2001       ; Verilog_2001       ;
; VHDL Version                                                                    ; VHDL_1993          ; VHDL_1993          ;
; Safe State Machine                                                              ; Off                ; Off                ;
; Extract Verilog State Machines                                                  ; On                 ; On                 ;
; Extract VHDL State Machines                                                     ; On                 ; On                 ;
; Ignore Verilog initial constructs                                               ; Off                ; Off                ;
; Iteration limit for constant Verilog loops                                      ; 5000               ; 5000               ;
; Iteration limit for non-constant Verilog loops                                  ; 250                ; 250                ;
; Add Pass-Through Logic to Inferred RAMs                                         ; On                 ; On                 ;
; Infer RAMs from Raw Logic                                                       ; On                 ; On                 ;
; Parallel Synthesis                                                              ; On                 ; On                 ;
; DSP Block Balancing                                                             ; Auto               ; Auto               ;
; NOT Gate Push-Back                                                              ; On                 ; On                 ;
; Power-Up Don't Care                                                             ; On                 ; On                 ;
; Remove Redundant Logic Cells                                                    ; Off                ; Off                ;
; Remove Duplicate Registers                                                      ; On                 ; On                 ;
; Ignore CARRY Buffers                                                            ; Off                ; Off                ;
; Ignore CASCADE Buffers                                                          ; Off                ; Off                ;
; Ignore GLOBAL Buffers                                                           ; Off                ; Off                ;
; Ignore ROW GLOBAL Buffers                                                       ; Off                ; Off                ;
; Ignore LCELL Buffers                                                            ; Off                ; Off                ;
; Ignore SOFT Buffers                                                             ; On                 ; On                 ;
; Limit AHDL Integers to 32 Bits                                                  ; Off                ; Off                ;
; Optimization Technique                                                          ; Balanced           ; Balanced           ;
; Carry Chain Length                                                              ; 70                 ; 70                 ;
; Auto Carry Chains                                                               ; On                 ; On                 ;
; Auto Open-Drain Pins                                                            ; On                 ; On                 ;
; Perform WYSIWYG Primitive Resynthesis                                           ; Off                ; Off                ;
; Auto ROM Replacement                                                            ; On                 ; On                 ;
; Auto RAM Replacement                                                            ; On                 ; On                 ;
; Auto DSP Block Replacement                                                      ; On                 ; On                 ;
; Auto Shift Register Replacement                                                 ; Auto               ; Auto               ;
; Allow Shift Register Merging across Hierarchies                                 ; Auto               ; Auto               ;
; Auto Clock Enable Replacement                                                   ; On                 ; On                 ;
; Strict RAM Replacement                                                          ; Off                ; Off                ;
; Allow Synchronous Control Signals                                               ; On                 ; On                 ;
; Force Use of Synchronous Clear Signals                                          ; Off                ; Off                ;
; Auto Resource Sharing                                                           ; Off                ; Off                ;
; Allow Any RAM Size For Recognition                                              ; Off                ; Off                ;
; Allow Any ROM Size For Recognition                                              ; Off                ; Off                ;
; Allow Any Shift Register Size For Recognition                                   ; Off                ; Off                ;
; Use LogicLock Constraints during Resource Balancing                             ; On                 ; On                 ;
; Ignore translate_off and synthesis_off directives                               ; Off                ; Off                ;
; Timing-Driven Synthesis                                                         ; On                 ; On                 ;
; Report Parameter Settings                                                       ; On                 ; On                 ;
; Report Source Assignments                                                       ; On                 ; On                 ;
; Report Connectivity Checks                                                      ; On                 ; On                 ;
; Ignore Maximum Fan-Out Assignments                                              ; Off                ; Off                ;
; Synchronization Register Chain Length                                           ; 3                  ; 3                  ;
; PowerPlay Power Optimization During Synthesis                                   ; Normal compilation ; Normal compilation ;
; HDL message level                                                               ; Level2             ; Level2             ;
; Suppress Register Optimization Related Messages                                 ; Off                ; Off                ;
; Number of Removed Registers Reported in Synthesis Report                        ; 5000               ; 5000               ;
; Number of Swept Nodes Reported in Synthesis Report                              ; 5000               ; 5000               ;
; Number of Inverted Registers Reported in Synthesis Report                       ; 100                ; 100                ;
; Clock MUX Protection                                                            ; On                 ; On                 ;
; Auto Gated Clock Conversion                                                     ; Off                ; Off                ;
; Block Design Naming                                                             ; Auto               ; Auto               ;
; SDC constraint protection                                                       ; Off                ; Off                ;
; Synthesis Effort                                                                ; Auto               ; Auto               ;
; Shift Register Replacement - Allow Asynchronous Clear Signal                    ; On                 ; On                 ;
; Pre-Mapping Resynthesis Optimization                                            ; Off                ; Off                ;
; Analysis & Synthesis Message Level                                              ; Medium             ; Medium             ;
; Disable Register Merging Across Hierarchies                                     ; Auto               ; Auto               ;
; Resource Aware Inference For Block RAM                                          ; On                 ; On                 ;
; Automatic Parallel Synthesis                                                    ; On                 ; On                 ;
; Partial Reconfiguration Bitstream ID                                            ; Off                ; Off                ;
+---------------------------------------------------------------------------------+--------------------+--------------------+


+------------------------------------------+
; Parallel Compilation                     ;
+----------------------------+-------------+
; Processors                 ; Number      ;
+----------------------------+-------------+
; Number detected on machine ; 8           ;
; Maximum allowed            ; 8           ;
;                            ;             ;
; Average used               ; 1.62        ;
; Maximum used               ; 8           ;
;                            ;             ;
; Usage by Processor         ; % Time Used ;
;     Processor 1            ; 100.0%      ;
;     Processor 2            ;  25.0%      ;
;     Processor 3            ;  24.9%      ;
;     Processor 4            ;  11.9%      ;
;     Processor 5            ;   0.0%      ;
;     Processor 6            ;   0.0%      ;
;     Processor 7            ;   0.0%      ;
;     Processor 8            ;   0.0%      ;
+----------------------------+-------------+


+--------------------------------------------------------------------------------------------------------------------------------------------------------------+
; Analysis & Synthesis Source Files Read                                                                                                                       ;
+----------------------------------+-----------------+------------------------------+----------------------------------------------------------------+---------+
; File Name with User-Entered Path ; Used in Netlist ; File Type                    ; File Name with Absolute Path                                   ; Library ;
+----------------------------------+-----------------+------------------------------+----------------------------------------------------------------+---------+
; files/fir.sv                     ; yes             ; User SystemVerilog HDL File  ; U:/cse371/labs/lab6/lab6_part1/files/fir.sv                    ;         ;
; files/wave_drawer.sv             ; yes             ; User SystemVerilog HDL File  ; U:/cse371/labs/lab6/lab6_part1/files/wave_drawer.sv            ;         ;
; files/wave_drawer_datapath.sv    ; yes             ; User SystemVerilog HDL File  ; U:/cse371/labs/lab6/lab6_part1/files/wave_drawer_datapath.sv   ;         ;
; files/wave_drawer_controller.sv  ; yes             ; User SystemVerilog HDL File  ; U:/cse371/labs/lab6/lab6_part1/files/wave_drawer_controller.sv ;         ;
+----------------------------------+-----------------+------------------------------+----------------------------------------------------------------+---------+


+---------------------------------------------------------+
; Analysis & Synthesis Resource Usage Summary             ;
+---------------------------------------------+-----------+
; Resource                                    ; Usage     ;
+---------------------------------------------+-----------+
; Estimate of Logic utilization (ALMs needed) ; 3099      ;
;                                             ;           ;
; Combinational ALUT usage for logic          ; 1583      ;
;     -- 7 input functions                    ; 0         ;
;     -- 6 input functions                    ; 1451      ;
;     -- 5 input functions                    ; 3         ;
;     -- 4 input functions                    ; 3         ;
;     -- <=3 input functions                  ; 126       ;
;                                             ;           ;
; Dedicated logic registers                   ; 4728      ;
;                                             ;           ;
; I/O pins                                    ; 48        ;
;                                             ;           ;
; Total DSP Blocks                            ; 0         ;
;                                             ;           ;
; Maximum fan-out node                        ; clk~input ;
; Maximum fan-out                             ; 4728      ;
; Total fan-out                               ; 27989     ;
; Average fan-out                             ; 4.37      ;
+---------------------------------------------+-----------+


+------------------------------------------------------------------------------------------------------------------------------------------------------------------------------------------------------------------------------------------+
; Analysis & Synthesis Resource Utilization by Entity                                                                                                                                                                                      ;
+----------------------------------------+---------------------+---------------------------+-------------------+------------+------+--------------+------------------------------------------------+------------------------+--------------+
; Compilation Hierarchy Node             ; Combinational ALUTs ; Dedicated Logic Registers ; Block Memory Bits ; DSP Blocks ; Pins ; Virtual Pins ; Full Hierarchy Name                            ; Entity Name            ; Library Name ;
+----------------------------------------+---------------------+---------------------------+-------------------+------------+------+--------------+------------------------------------------------+------------------------+--------------+
; |wave_drawer                           ; 1583 (1)            ; 4728 (0)                  ; 0                 ; 0          ; 48   ; 0            ; |wave_drawer                                   ; wave_drawer            ; work         ;
;    |fir:signal_fir|                    ; 49 (49)             ; 344 (344)                 ; 0                 ; 0          ; 0    ; 0            ; |wave_drawer|fir:signal_fir                    ; fir                    ; work         ;
;    |wave_drawer_controller:controller| ; 9 (9)               ; 2 (2)                     ; 0                 ; 0          ; 0    ; 0            ; |wave_drawer|wave_drawer_controller:controller ; wave_drawer_controller ; work         ;
;    |wave_drawer_datapath:datapath|     ; 1524 (1524)         ; 4382 (4382)               ; 0                 ; 0          ; 0    ; 0            ; |wave_drawer|wave_drawer_datapath:datapath     ; wave_drawer_datapath   ; work         ;
+----------------------------------------+---------------------+---------------------------+-------------------+------------+------+--------------+------------------------------------------------+------------------------+--------------+
Note: For table entries with two numbers listed, the numbers in parentheses indicate the number of resources of the given type used by the specific entity alone. The numbers listed outside of parentheses indicate the total resources of the given type used by the specific entity and all of its sub-entities in the hierarchy.


+-----------------------------------------------------------------------------------------+
; Registers Removed During Synthesis                                                      ;
+---------------------------------------------+-------------------------------------------+
; Register name                               ; Reason for Removal                        ;
+---------------------------------------------+-------------------------------------------+
; wave_drawer_controller:controller|ps[2..31] ; Stuck at GND due to stuck port data_in    ;
; fir:signal_fir|buffer[5][20]                ; Merged with fir:signal_fir|buffer[5][19]  ;
; fir:signal_fir|buffer[5][21]                ; Merged with fir:signal_fir|buffer[5][19]  ;
; fir:signal_fir|buffer[5][22]                ; Merged with fir:signal_fir|buffer[5][19]  ;
; fir:signal_fir|buffer[5][23]                ; Merged with fir:signal_fir|buffer[5][19]  ;
; fir:signal_fir|buffer[4][20]                ; Merged with fir:signal_fir|buffer[4][19]  ;
; fir:signal_fir|buffer[4][21]                ; Merged with fir:signal_fir|buffer[4][19]  ;
; fir:signal_fir|buffer[4][22]                ; Merged with fir:signal_fir|buffer[4][19]  ;
; fir:signal_fir|buffer[4][23]                ; Merged with fir:signal_fir|buffer[4][19]  ;
; fir:signal_fir|buffer[3][20]                ; Merged with fir:signal_fir|buffer[3][19]  ;
; fir:signal_fir|buffer[3][21]                ; Merged with fir:signal_fir|buffer[3][19]  ;
; fir:signal_fir|buffer[3][22]                ; Merged with fir:signal_fir|buffer[3][19]  ;
; fir:signal_fir|buffer[3][23]                ; Merged with fir:signal_fir|buffer[3][19]  ;
; fir:signal_fir|buffer[2][20]                ; Merged with fir:signal_fir|buffer[2][19]  ;
; fir:signal_fir|buffer[2][21]                ; Merged with fir:signal_fir|buffer[2][19]  ;
; fir:signal_fir|buffer[2][22]                ; Merged with fir:signal_fir|buffer[2][19]  ;
; fir:signal_fir|buffer[2][23]                ; Merged with fir:signal_fir|buffer[2][19]  ;
; fir:signal_fir|buffer[1][20]                ; Merged with fir:signal_fir|buffer[1][19]  ;
; fir:signal_fir|buffer[1][21]                ; Merged with fir:signal_fir|buffer[1][19]  ;
; fir:signal_fir|buffer[1][22]                ; Merged with fir:signal_fir|buffer[1][19]  ;
; fir:signal_fir|buffer[1][23]                ; Merged with fir:signal_fir|buffer[1][19]  ;
; fir:signal_fir|buffer[0][20]                ; Merged with fir:signal_fir|buffer[0][19]  ;
; fir:signal_fir|buffer[0][21]                ; Merged with fir:signal_fir|buffer[0][19]  ;
; fir:signal_fir|buffer[0][22]                ; Merged with fir:signal_fir|buffer[0][19]  ;
; fir:signal_fir|buffer[0][23]                ; Merged with fir:signal_fir|buffer[0][19]  ;
; fir:signal_fir|buffer[6][20]                ; Merged with fir:signal_fir|buffer[6][19]  ;
; fir:signal_fir|buffer[6][21]                ; Merged with fir:signal_fir|buffer[6][19]  ;
; fir:signal_fir|buffer[6][22]                ; Merged with fir:signal_fir|buffer[6][19]  ;
; fir:signal_fir|buffer[6][23]                ; Merged with fir:signal_fir|buffer[6][19]  ;
; fir:signal_fir|buffer[7][20]                ; Merged with fir:signal_fir|buffer[7][19]  ;
; fir:signal_fir|buffer[7][21]                ; Merged with fir:signal_fir|buffer[7][19]  ;
; fir:signal_fir|buffer[7][22]                ; Merged with fir:signal_fir|buffer[7][19]  ;
; fir:signal_fir|buffer[7][23]                ; Merged with fir:signal_fir|buffer[7][19]  ;
; fir:signal_fir|buffer[8][20]                ; Merged with fir:signal_fir|buffer[8][19]  ;
; fir:signal_fir|buffer[8][21]                ; Merged with fir:signal_fir|buffer[8][19]  ;
; fir:signal_fir|buffer[8][22]                ; Merged with fir:signal_fir|buffer[8][19]  ;
; fir:signal_fir|buffer[8][23]                ; Merged with fir:signal_fir|buffer[8][19]  ;
; fir:signal_fir|buffer[9][20]                ; Merged with fir:signal_fir|buffer[9][19]  ;
; fir:signal_fir|buffer[9][21]                ; Merged with fir:signal_fir|buffer[9][19]  ;
; fir:signal_fir|buffer[9][22]                ; Merged with fir:signal_fir|buffer[9][19]  ;
; fir:signal_fir|buffer[9][23]                ; Merged with fir:signal_fir|buffer[9][19]  ;
; fir:signal_fir|buffer[10][20]               ; Merged with fir:signal_fir|buffer[10][19] ;
; fir:signal_fir|buffer[10][21]               ; Merged with fir:signal_fir|buffer[10][19] ;
; fir:signal_fir|buffer[10][22]               ; Merged with fir:signal_fir|buffer[10][19] ;
; fir:signal_fir|buffer[10][23]               ; Merged with fir:signal_fir|buffer[10][19] ;
; fir:signal_fir|buffer[11][20]               ; Merged with fir:signal_fir|buffer[11][19] ;
; fir:signal_fir|buffer[11][21]               ; Merged with fir:signal_fir|buffer[11][19] ;
; fir:signal_fir|buffer[11][22]               ; Merged with fir:signal_fir|buffer[11][19] ;
; fir:signal_fir|buffer[11][23]               ; Merged with fir:signal_fir|buffer[11][19] ;
; fir:signal_fir|buffer[12][20]               ; Merged with fir:signal_fir|buffer[12][19] ;
; fir:signal_fir|buffer[12][21]               ; Merged with fir:signal_fir|buffer[12][19] ;
; fir:signal_fir|buffer[12][22]               ; Merged with fir:signal_fir|buffer[12][19] ;
; fir:signal_fir|buffer[12][23]               ; Merged with fir:signal_fir|buffer[12][19] ;
; fir:signal_fir|buffer[13][20]               ; Merged with fir:signal_fir|buffer[13][19] ;
; fir:signal_fir|buffer[13][21]               ; Merged with fir:signal_fir|buffer[13][19] ;
; fir:signal_fir|buffer[13][22]               ; Merged with fir:signal_fir|buffer[13][19] ;
; fir:signal_fir|buffer[13][23]               ; Merged with fir:signal_fir|buffer[13][19] ;
; fir:signal_fir|buffer[14][20]               ; Merged with fir:signal_fir|buffer[14][19] ;
; fir:signal_fir|buffer[14][21]               ; Merged with fir:signal_fir|buffer[14][19] ;
; fir:signal_fir|buffer[14][22]               ; Merged with fir:signal_fir|buffer[14][19] ;
; fir:signal_fir|buffer[14][23]               ; Merged with fir:signal_fir|buffer[14][19] ;
; fir:signal_fir|buffer[15][20]               ; Merged with fir:signal_fir|buffer[15][19] ;
; fir:signal_fir|buffer[15][21]               ; Merged with fir:signal_fir|buffer[15][19] ;
; fir:signal_fir|buffer[15][22]               ; Merged with fir:signal_fir|buffer[15][19] ;
; fir:signal_fir|buffer[15][23]               ; Merged with fir:signal_fir|buffer[15][19] ;
; Total Number of Removed Registers = 94      ;                                           ;
+---------------------------------------------+-------------------------------------------+


+------------------------------------------------------+
; General Register Statistics                          ;
+----------------------------------------------+-------+
; Statistic                                    ; Value ;
+----------------------------------------------+-------+
; Total registers                              ; 4728  ;
; Number of registers using Synchronous Clear  ; 4726  ;
; Number of registers using Synchronous Load   ; 9     ;
; Number of registers using Asynchronous Clear ; 0     ;
; Number of registers using Asynchronous Load  ; 0     ;
; Number of registers using Clock Enable       ; 4696  ;
; Number of registers using Preset             ; 0     ;
+----------------------------------------------+-------+


+--------------------------------------------------------------------------------------------------------------------------------------------------------------------------+
; Multiplexer Restructuring Statistics (Restructuring Performed)                                                                                                           ;
+--------------------+-----------+---------------+----------------------+------------------------+------------+------------------------------------------------------------+
; Multiplexer Inputs ; Bus Width ; Baseline Area ; Area if Restructured ; Saving if Restructured ; Registered ; Example Multiplexer Output                                 ;
+--------------------+-----------+---------------+----------------------+------------------------+------------+------------------------------------------------------------+
; 3:1                ; 4320 bits ; 8640 LEs      ; 0 LEs                ; 8640 LEs               ; Yes        ; |wave_drawer|wave_drawer_datapath:datapath|buffer[479][16] ;
; 3:1                ; 24 bits   ; 48 LEs        ; 0 LEs                ; 48 LEs                 ; Yes        ; |wave_drawer|fir:signal_fir|accumulator[3]                 ;
; 5:1                ; 32 bits   ; 96 LEs        ; 0 LEs                ; 96 LEs                 ; Yes        ; |wave_drawer|wave_drawer_datapath:datapath|count[3]        ;
; 5:1                ; 10 bits   ; 30 LEs        ; 0 LEs                ; 30 LEs                 ; Yes        ; |wave_drawer|wave_drawer_datapath:datapath|x[0]            ;
; 5:1                ; 10 bits   ; 30 LEs        ; 0 LEs                ; 30 LEs                 ; Yes        ; |wave_drawer|wave_drawer_datapath:datapath|idx[0]          ;
; 6:1                ; 9 bits    ; 36 LEs        ; 9 LEs                ; 27 LEs                 ; Yes        ; |wave_drawer|wave_drawer_datapath:datapath|y[8]            ;
; 512:1              ; 9 bits    ; 3069 LEs      ; 2880 LEs             ; 189 LEs                ; No         ; |wave_drawer|wave_drawer_datapath:datapath|Mux1            ;
; 3:1                ; 320 bits  ; 640 LEs       ; 0 LEs                ; 640 LEs                ; Yes        ; |wave_drawer|fir:signal_fir|buffer[15][0]                  ;
+--------------------+-----------+---------------+----------------------+------------------------+------------+------------------------------------------------------------+


+-----------------------------------------------------------------------------+
; Parameter Settings for User Entity Instance: Top-level Entity: |wave_drawer ;
+----------------+-------+----------------------------------------------------+
; Parameter Name ; Value ; Type                                               ;
+----------------+-------+----------------------------------------------------+
; WIDTH          ; 24    ; Signed Integer                                     ;
; BUFFER_SIZE    ; 480   ; Signed Integer                                     ;
; DIV            ; 15    ; Signed Integer                                     ;
; DURATION       ; 10    ; Signed Integer                                     ;
; N              ; 16    ; Signed Integer                                     ;
+----------------+-------+----------------------------------------------------+
Note: In order to hide this table in the UI and the text report file, please set the "Show Parameter Settings in Synthesis Report" option in "Analysis and Synthesis Settings -> More Settings" to "Off".


+-------------------------------------------------------------+
; Parameter Settings for User Entity Instance: fir:signal_fir ;
+----------------+-------+------------------------------------+
; Parameter Name ; Value ; Type                               ;
+----------------+-------+------------------------------------+
; WIDTH          ; 24    ; Signed Integer                     ;
; N              ; 16    ; Signed Integer                     ;
+----------------+-------+------------------------------------+
Note: In order to hide this table in the UI and the text report file, please set the "Show Parameter Settings in Synthesis Report" option in "Analysis and Synthesis Settings -> More Settings" to "Off".


+----------------------------------------------------------------------------+
; Parameter Settings for User Entity Instance: wave_drawer_datapath:datapath ;
+----------------+-------+---------------------------------------------------+
; Parameter Name ; Value ; Type                                              ;
+----------------+-------+---------------------------------------------------+
; WIDTH          ; 24    ; Signed Integer                                    ;
; BUFFER_SIZE    ; 480   ; Signed Integer                                    ;
; DIV            ; 15    ; Signed Integer                                    ;
; DURATION       ; 10    ; Signed Integer                                    ;
+----------------+-------+---------------------------------------------------+
Note: In order to hide this table in the UI and the text report file, please set the "Show Parameter Settings in Synthesis Report" option in "Analysis and Synthesis Settings -> More Settings" to "Off".


+-----------------------------------------------------+
; Post-Synthesis Netlist Statistics for Top Partition ;
+-----------------------+-----------------------------+
; Type                  ; Count                       ;
+-----------------------+-----------------------------+
; arriav_ff             ; 4728                        ;
;     ENA SCLR          ; 4696                        ;
;     SCLR              ; 21                          ;
;     SCLR SLD          ; 9                           ;
;     plain             ; 2                           ;
; arriav_lcell_comb     ; 1583                        ;
;     arith             ; 84                          ;
;         1 data inputs ; 60                          ;
;         2 data inputs ; 24                          ;
;     normal            ; 1475                        ;
;         0 data inputs ; 1                           ;
;         1 data inputs ; 6                           ;
;         2 data inputs ; 4                           ;
;         3 data inputs ; 7                           ;
;         4 data inputs ; 3                           ;
;         5 data inputs ; 3                           ;
;         6 data inputs ; 1451                        ;
;     shared            ; 24                          ;
;         2 data inputs ; 24                          ;
; boundary_port         ; 48                          ;
;                       ;                             ;
; Max LUT depth         ; 9.50                        ;
; Average LUT depth     ; 7.90                        ;
+-----------------------+-----------------------------+


+-------------------------------+
; Elapsed Time Per Partition    ;
+----------------+--------------+
; Partition Name ; Elapsed Time ;
+----------------+--------------+
; Top            ; 00:00:09     ;
+----------------+--------------+


+-------------------------------+
; Analysis & Synthesis Messages ;
+-------------------------------+
Info: *******************************************************************
Info: Running Quartus Prime Analysis & Synthesis
    Info: Version 17.0.0 Build 595 04/25/2017 SJ Lite Edition
    Info: Processing started: Thu May 27 13:56:12 2021
Info: Command: quartus_map --read_settings_files=on --write_settings_files=off DE1_SoC -c DE1_SoC
Warning (18236): Number of processors has not been specified which may cause overloading on shared machines.  Set the global assignment NUM_PARALLEL_PROCESSORS in your QSF to an appropriate value for best performance.
Info (20030): Parallel compilation is enabled and will use 8 of the 8 processors detected
Info (12021): Found 2 design units, including 2 entities, in source file files/fir.sv
    Info (12023): Found entity 1: fir File: U:/cse371/labs/lab6/lab6_part1/files/fir.sv Line: 10
    Info (12023): Found entity 2: fir_testbench File: U:/cse371/labs/lab6/lab6_part1/files/fir.sv Line: 56
Info (12021): Found 2 design units, including 2 entities, in source file files/wave_drawer.sv
    Info (12023): Found entity 1: wave_drawer File: U:/cse371/labs/lab6/lab6_part1/files/wave_drawer.sv Line: 6
    Info (12023): Found entity 2: wave_drawer_testbench File: U:/cse371/labs/lab6/lab6_part1/files/wave_drawer.sv Line: 31
Info (12021): Found 2 design units, including 2 entities, in source file files/wave_drawer_datapath.sv
    Info (12023): Found entity 1: wave_drawer_datapath File: U:/cse371/labs/lab6/lab6_part1/files/wave_drawer_datapath.sv Line: 6
    Info (12023): Found entity 2: wave_drawer_datapath_testbench File: U:/cse371/labs/lab6/lab6_part1/files/wave_drawer_datapath.sv Line: 118
Info (12021): Found 2 design units, including 2 entities, in source file files/wave_drawer_controller.sv
    Info (12023): Found entity 1: wave_drawer_controller File: U:/cse371/labs/lab6/lab6_part1/files/wave_drawer_controller.sv Line: 11
    Info (12023): Found entity 2: wave_drawer_controller_testbench File: U:/cse371/labs/lab6/lab6_part1/files/wave_drawer_controller.sv Line: 68
Warning (10222): Verilog HDL Parameter Declaration warning at fir.sv(17): Parameter Declaration in module "fir" behaves as a Local Parameter Declaration because the module has a Module Parameter Port List File: U:/cse371/labs/lab6/lab6_part1/files/fir.sv Line: 17
Info (12127): Elaborating entity "wave_drawer" for the top level hierarchy
Info (12128): Elaborating entity "fir" for hierarchy "fir:signal_fir" File: U:/cse371/labs/lab6/lab6_part1/files/wave_drawer.sv Line: 22
Warning (10230): Verilog HDL assignment warning at fir.sv(30): truncated value with size 32 to match size of target (24) File: U:/cse371/labs/lab6/lab6_part1/files/fir.sv Line: 30
Warning (10230): Verilog HDL assignment warning at fir.sv(42): truncated value with size 32 to match size of target (24) File: U:/cse371/labs/lab6/lab6_part1/files/fir.sv Line: 42
Info (12128): Elaborating entity "wave_drawer_datapath" for hierarchy "wave_drawer_datapath:datapath" File: U:/cse371/labs/lab6/lab6_part1/files/wave_drawer.sv Line: 24
Warning (10230): Verilog HDL assignment warning at wave_drawer_datapath.sv(45): truncated value with size 32 to match size of target (10) File: U:/cse371/labs/lab6/lab6_part1/files/wave_drawer_datapath.sv Line: 45
Warning (10230): Verilog HDL assignment warning at wave_drawer_datapath.sv(60): truncated value with size 32 to match size of target (10) File: U:/cse371/labs/lab6/lab6_part1/files/wave_drawer_datapath.sv Line: 60
Warning (10230): Verilog HDL assignment warning at wave_drawer_datapath.sv(70): truncated value with size 32 to match size of target (10) File: U:/cse371/labs/lab6/lab6_part1/files/wave_drawer_datapath.sv Line: 70
Warning (10230): Verilog HDL assignment warning at wave_drawer_datapath.sv(93): truncated value with size 32 to match size of target (10) File: U:/cse371/labs/lab6/lab6_part1/files/wave_drawer_datapath.sv Line: 93
Warning (10230): Verilog HDL assignment warning at wave_drawer_datapath.sv(108): truncated value with size 32 to match size of target (24) File: U:/cse371/labs/lab6/lab6_part1/files/wave_drawer_datapath.sv Line: 108
Warning (10230): Verilog HDL assignment warning at wave_drawer_datapath.sv(109): truncated value with size 32 to match size of target (24) File: U:/cse371/labs/lab6/lab6_part1/files/wave_drawer_datapath.sv Line: 109
Warning (10230): Verilog HDL assignment warning at wave_drawer_datapath.sv(110): truncated value with size 32 to match size of target (24) File: U:/cse371/labs/lab6/lab6_part1/files/wave_drawer_datapath.sv Line: 110
Info (12128): Elaborating entity "wave_drawer_controller" for hierarchy "wave_drawer_controller:controller" File: U:/cse371/labs/lab6/lab6_part1/files/wave_drawer.sv Line: 26
Info (286030): Timing-Driven Synthesis is running
Info (144001): Generated suppressed messages file U:/cse371/labs/lab6/lab6_part1/output_files/DE1_SoC.map.smsg
Info (16010): Generating hard_block partition "hard_block:auto_generated_inst"
    Info (16011): Adding 0 node(s), including 0 DDIO, 0 PLL, 0 transceiver and 0 LCELL
Warning (21074): Design contains 4 input pin(s) that do not drive logic
    Warning (15610): No output dependent on input pin "wave_signal[0]" File: U:/cse371/labs/lab6/lab6_part1/files/wave_drawer.sv Line: 9
    Warning (15610): No output dependent on input pin "wave_signal[1]" File: U:/cse371/labs/lab6/lab6_part1/files/wave_drawer.sv Line: 9
    Warning (15610): No output dependent on input pin "wave_signal[2]" File: U:/cse371/labs/lab6/lab6_part1/files/wave_drawer.sv Line: 9
    Warning (15610): No output dependent on input pin "wave_signal[3]" File: U:/cse371/labs/lab6/lab6_part1/files/wave_drawer.sv Line: 9
Info (21057): Implemented 6289 device resources after synthesis - the final resource count might be different
    Info (21058): Implemented 28 input pins
    Info (21059): Implemented 20 output pins
    Info (21061): Implemented 6241 logic cells
Info: Quartus Prime Analysis & Synthesis was successful. 0 errors, 16 warnings
    Info: Peak virtual memory: 4916 megabytes
    Info: Processing ended: Thu May 27 13:56:39 2021
    Info: Elapsed time: 00:00:27
    Info: Total CPU time (on all processors): 00:00:47


+------------------------------------------+
; Analysis & Synthesis Suppressed Messages ;
+------------------------------------------+
The suppressed messages can be found in U:/cse371/labs/lab6/lab6_part1/output_files/DE1_SoC.map.smsg.


